\BOOKMARK [0][-]{Doc-Start}{\376\377\000C\000e\000r\000t\000i\000f\000i\000c\000a\000t\000e}{}% 1
\BOOKMARK [0][-]{Doc-Start}{\376\377\000D\000e\000c\000l\000a\000r\000a\000t\000i\000o\000n}{}% 2
\BOOKMARK [0][-]{Doc-Start}{\376\377\000A\000c\000k\000n\000o\000w\000l\000e\000d\000g\000e\000m\000e\000n\000t\000s}{}% 3
\BOOKMARK [0][-]{Doc-Start}{\376\377\000A\000p\000p\000r\000o\000v\000a\000l\000\040\000S\000h\000e\000e\000t}{}% 4
\BOOKMARK [0][-]{Doc-Start}{\376\377\000C\000e\000r\000t\000i\000f\000i\000c\000a\000t\000e\000\040\000o\000f\000\040\000C\000o\000u\000r\000s\000e\000\040\000W\000o\000r\000k}{}% 5
\BOOKMARK [0][-]{Doc-Start}{\376\377\000A\000b\000s\000t\000r\000a\000c\000t}{}% 6
\BOOKMARK [0][-]{chapter.1}{\376\377\000I\000n\000t\000r\000o\000d\000u\000c\000t\000i\000o\000n}{}% 7
\BOOKMARK [1][-]{section.1.1}{\376\377\000T\000h\000e\000\040\000C\000h\000a\000l\000l\000e\000n\000g\000e\000\040\000o\000f\000\040\000A\000c\000c\000e\000s\000s\000i\000n\000g\000\040\000S\000a\000n\000s\000k\000r\000i\000t\000\040\000K\000n\000o\000w\000l\000e\000d\000g\000e}{chapter.1}% 8
\BOOKMARK [1][-]{section.1.2}{\376\377\000T\000h\000e\000\040\000R\000o\000l\000e\000\040\000o\000f\000\040\000N\000a\000m\000e\000d\000\040\000E\000n\000t\000i\000t\000y\000\040\000R\000e\000c\000o\000g\000n\000i\000t\000i\000o\000n\000\040\000i\000n\000\040\000S\000a\000n\000s\000k\000r\000i\000t\000\040\000S\000c\000h\000o\000l\000a\000r\000s\000h\000i\000p}{chapter.1}% 9
\BOOKMARK [1][-]{section.1.3}{\376\377\000T\000h\000e\000\040\000R\000e\000s\000e\000a\000r\000c\000h\000\040\000G\000a\000p}{chapter.1}% 10
\BOOKMARK [1][-]{section.1.4}{\376\377\000C\000o\000n\000t\000r\000i\000b\000u\000t\000i\000o\000n\000\040\000o\000f\000\040\000T\000h\000i\000s\000\040\000T\000h\000e\000s\000i\000s}{chapter.1}% 11
\BOOKMARK [1][-]{section.1.5}{\376\377\000T\000h\000e\000s\000i\000s\000\040\000S\000t\000r\000u\000c\000t\000u\000r\000e}{chapter.1}% 12
\BOOKMARK [0][-]{chapter.2}{\376\377\000L\000i\000t\000e\000r\000a\000t\000u\000r\000e\000\040\000R\000e\000v\000i\000e\000w}{}% 13
\BOOKMARK [1][-]{section.2.1}{\376\377\000I\000n\000t\000r\000o\000d\000u\000c\000t\000i\000o\000n}{chapter.2}% 14
\BOOKMARK [1][-]{section.2.2}{\376\377\000S\000a\000n\000s\000k\000r\000i\000t\000\040\000a\000s\000\040\000a\000\040\000C\000o\000m\000p\000u\000t\000a\000t\000i\000o\000n\000a\000l\000\040\000L\000a\000n\000g\000u\000a\000g\000e\000:\000\040\000C\000h\000a\000l\000l\000e\000n\000g\000e\000s\000\040\000a\000n\000d\000\040\000O\000p\000p\000o\000r\000t\000u\000n\000i\000t\000i\000e\000s}{chapter.2}% 15
\BOOKMARK [2][-]{subsection.2.2.1}{\376\377\000L\000i\000n\000g\000u\000i\000s\000t\000i\000c\000\040\000F\000e\000a\000t\000u\000r\000e\000s\000\040\000R\000e\000l\000e\000v\000a\000n\000t\000\040\000t\000o\000\040\000N\000E\000R}{section.2.2}% 16
\BOOKMARK [2][-]{subsection.2.2.2}{\376\377\000T\000h\000e\000\040\000D\000i\000g\000i\000t\000a\000l\000\040\000C\000o\000r\000p\000u\000s\000\040\000o\000f\000\040\000S\000a\000n\000s\000k\000r\000i\000t\000\040\000a\000n\000d\000\040\000R\000e\000s\000o\000u\000r\000c\000e\000\040\000S\000c\000a\000r\000c\000i\000t\000y}{section.2.2}% 17
\BOOKMARK [1][-]{section.2.3}{\376\377\000N\000a\000m\000e\000d\000\040\000E\000n\000t\000i\000t\000y\000\040\000R\000e\000c\000o\000g\000n\000i\000t\000i\000o\000n\000:\000\040\000F\000r\000o\000m\000\040\000R\000u\000l\000e\000-\000B\000a\000s\000e\000d\000\040\000t\000o\000\040\000N\000e\000u\000r\000a\000l\000\040\000M\000e\000t\000h\000o\000d\000s}{chapter.2}% 18
\BOOKMARK [2][-]{subsection.2.3.1}{\376\377\000S\000t\000a\000t\000i\000s\000t\000i\000c\000a\000l\000\040\000a\000n\000d\000\040\000F\000e\000a\000t\000u\000r\000e\000-\000B\000a\000s\000e\000d\000\040\000A\000p\000p\000r\000o\000a\000c\000h\000e\000s}{section.2.3}% 19
\BOOKMARK [2][-]{subsection.2.3.2}{\376\377\000N\000e\000u\000r\000a\000l\000\040\000a\000n\000d\000\040\000T\000r\000a\000n\000s\000f\000o\000r\000m\000e\000r\000-\000B\000a\000s\000e\000d\000\040\000N\000E\000R}{section.2.3}% 20
\BOOKMARK [1][-]{section.2.4}{\376\377\000P\000r\000e\000v\000i\000o\000u\000s\000\040\000W\000o\000r\000k\000\040\000i\000n\000\040\000S\000a\000n\000s\000k\000r\000i\000t\000\040\000N\000a\000m\000e\000d\000\040\000E\000n\000t\000i\000t\000y\000\040\000R\000e\000c\000o\000g\000n\000i\000t\000i\000o\000n}{chapter.2}% 21
\BOOKMARK [2][-]{subsection.2.4.1}{\376\377\000E\000a\000r\000l\000y\000\040\000R\000u\000l\000e\000-\000B\000a\000s\000e\000d\000\040\000a\000n\000d\000\040\000G\000a\000z\000e\000t\000t\000e\000e\000r\000\040\000A\000p\000p\000r\000o\000a\000c\000h\000e\000s}{section.2.4}% 22
\BOOKMARK [2][-]{subsection.2.4.2}{\376\377\000M\000a\000c\000h\000i\000n\000e\000\040\000L\000e\000a\000r\000n\000i\000n\000g\000\040\000A\000p\000p\000r\000o\000a\000c\000h\000e\000s}{section.2.4}% 23
\BOOKMARK [2][-]{subsection.2.4.3}{\376\377\000L\000i\000m\000i\000t\000a\000t\000i\000o\000n\000s\000\040\000o\000f\000\040\000E\000x\000i\000s\000t\000i\000n\000g\000\040\000S\000a\000n\000s\000k\000r\000i\000t\000\040\000N\000E\000R\000\040\000S\000y\000s\000t\000e\000m\000s}{section.2.4}% 24
\BOOKMARK [1][-]{section.2.5}{\376\377\000B\000y\000t\000e\000-\000L\000e\000v\000e\000l\000\040\000a\000n\000d\000\040\000C\000h\000a\000r\000a\000c\000t\000e\000r\000-\000L\000e\000v\000e\000l\000\040\000M\000o\000d\000e\000l\000s\000\040\000f\000o\000r\000\040\000L\000o\000w\000-\000R\000e\000s\000o\000u\000r\000c\000e\000\040\000L\000a\000n\000g\000u\000a\000g\000e\000s}{chapter.2}% 25
\BOOKMARK [2][-]{subsection.2.5.1}{\376\377\000A\000d\000v\000a\000n\000t\000a\000g\000e\000s\000\040\000f\000o\000r\000\040\000S\000a\000n\000s\000k\000r\000i\000t}{section.2.5}% 26
\BOOKMARK [2][-]{subsection.2.5.2}{\376\377\000R\000e\000l\000a\000t\000e\000d\000\040\000W\000o\000r\000k\000\040\000o\000n\000\040\000C\000h\000a\000r\000a\000c\000t\000e\000r\000-\000L\000e\000v\000e\000l\000\040\000N\000E\000R}{section.2.5}% 27
\BOOKMARK [1][-]{section.2.6}{\376\377\000M\000u\000l\000t\000i\000-\000T\000a\000s\000k\000\040\000L\000e\000a\000r\000n\000i\000n\000g\000\040\000a\000n\000d\000\040\000R\000e\000g\000u\000l\000a\000r\000i\000s\000a\000t\000i\000o\000n\000\040\000i\000n\000\040\000N\000L\000P}{chapter.2}% 28
\BOOKMARK [2][-]{subsection.2.6.1}{\376\377\000A\000p\000p\000l\000i\000c\000a\000t\000i\000o\000n\000s\000\040\000i\000n\000\040\000L\000o\000w\000-\000R\000e\000s\000o\000u\000r\000c\000e\000\040\000S\000e\000t\000t\000i\000n\000g\000s}{section.2.6}% 29
\BOOKMARK [2][-]{subsection.2.6.2}{\376\377\000R\000e\000l\000e\000v\000a\000n\000c\000e\000\040\000t\000o\000\040\000T\000h\000i\000s\000\040\000T\000h\000e\000s\000i\000s}{section.2.6}% 30
\BOOKMARK [1][-]{section.2.7}{\376\377\000R\000e\000s\000e\000a\000r\000c\000h\000\040\000G\000a\000p\000\040\000a\000n\000d\000\040\000P\000o\000s\000i\000t\000i\000o\000n\000i\000n\000g\000\040\000o\000f\000\040\000T\000h\000i\000s\000\040\000W\000o\000r\000k}{chapter.2}% 31
\BOOKMARK [1][-]{section.2.8}{\376\377\000S\000u\000m\000m\000a\000r\000y}{chapter.2}% 32
\BOOKMARK [0][-]{chapter.3}{\376\377\000D\000a\000t\000a\000s\000e\000t\000\040\000D\000e\000s\000c\000r\000i\000p\000t\000i\000o\000n}{}% 33
\BOOKMARK [1][-]{section.3.1}{\376\377\000O\000v\000e\000r\000v\000i\000e\000w\000\040\000a\000n\000d\000\040\000S\000e\000l\000e\000c\000t\000i\000o\000n\000\040\000R\000a\000t\000i\000o\000n\000a\000l\000e}{chapter.3}% 34
\BOOKMARK [2][-]{subsection.3.1.1}{\376\377\000S\000u\000m\000m\000a\000r\000y\000\040\000o\000f\000\040\000D\000a\000t\000a\000s\000e\000t\000s\000\040\000U\000s\000e\000d}{section.3.1}% 35
\BOOKMARK [1][-]{section.3.2}{\376\377\000M\000a\000h\001\001\000n\001\001\000m\000a\000:\000\040\000G\000o\000l\000d\000-\000S\000t\000a\000n\000d\000a\000r\000d\000\040\000N\000E\000R\000\040\000C\000o\000r\000p\000u\000s}{chapter.3}% 36
\BOOKMARK [2][-]{subsection.3.2.1}{\376\377\000S\000o\000u\000r\000c\000e\000\040\000a\000n\000d\000\040\000C\000o\000n\000s\000t\000r\000u\000c\000t\000i\000o\000n}{section.3.2}% 37
\BOOKMARK [2][-]{subsection.3.2.2}{\376\377\000E\000n\000t\000i\000t\000y\000\040\000A\000n\000n\000o\000t\000a\000t\000i\000o\000n\000\040\000a\000n\000d\000\040\000D\000i\000s\000t\000r\000i\000b\000u\000t\000i\000o\000n}{section.3.2}% 38
\BOOKMARK [2][-]{subsection.3.2.3}{\376\377\000C\000l\000a\000s\000s\000\040\000I\000m\000b\000a\000l\000a\000n\000c\000e\000\040\000a\000n\000d\000\040\000O\000v\000e\000r\000s\000a\000m\000p\000l\000i\000n\000g}{section.3.2}% 39
\BOOKMARK [2][-]{subsection.3.2.4}{\376\377\000D\000a\000t\000a\000\040\000S\000p\000l\000i\000t\000s}{section.3.2}% 40
\BOOKMARK [1][-]{section.3.3}{\376\377\000D\000C\000S\000:\000\040\000S\000i\000l\000v\000e\000r\000-\000S\000t\000a\000n\000d\000a\000r\000d\000\040\000N\000E\000R\000\040\000a\000n\000d\000\040\000L\000i\000n\000g\000u\000i\000s\000t\000i\000c\000\040\000D\000a\000t\000a}{chapter.3}% 41
\BOOKMARK [2][-]{subsection.3.3.1}{\376\377\000C\000o\000r\000p\000u\000s\000\040\000O\000v\000e\000r\000v\000i\000e\000w}{section.3.3}% 42
\BOOKMARK [2][-]{subsection.3.3.2}{\376\377\000S\000e\000m\000b\000a\000n\000k\000\040\000N\000E\000R\000\040\000E\000x\000t\000r\000a\000c\000t\000i\000o\000n\000\040\000\050\000S\000i\000l\000v\000e\000r\000\040\000S\000t\000a\000n\000d\000a\000r\000d\000\051}{section.3.3}% 43
\BOOKMARK [2][-]{subsection.3.3.3}{\376\377\000L\000i\000n\000g\000u\000i\000s\000t\000i\000c\000\040\000T\000r\000a\000i\000n\000i\000n\000g\000\040\000D\000a\000t\000a}{section.3.3}% 44
\BOOKMARK [2][-]{subsection.3.3.4}{\376\377\000Q\000u\000a\000l\000i\000t\000y\000\040\000L\000i\000m\000i\000t\000a\000t\000i\000o\000n\000s}{section.3.3}% 45
\BOOKMARK [1][-]{section.3.4}{\376\377\000C\000r\000o\000s\000s\000-\000D\000o\000m\000a\000i\000n\000\040\000a\000n\000d\000\040\000M\000o\000r\000p\000h\000o\000l\000o\000g\000i\000c\000a\000l\000\040\000E\000x\000t\000e\000n\000s\000i\000o\000n}{chapter.3}% 46
\BOOKMARK [2][-]{subsection.3.4.1}{\376\377\000U\000D\000\137\000S\000a\000n\000s\000k\000r\000i\000t\000-\000U\000F\000A\000L\000\040\000\050\000C\000r\000o\000s\000s\000-\000D\000o\000m\000a\000i\000n\000\040\000E\000v\000a\000l\000u\000a\000t\000i\000o\000n\000\040\040\024\000\040\000D\0003\000\051}{section.3.4}% 47
\BOOKMARK [2][-]{subsection.3.4.2}{\376\377\000U\000D\000\137\000S\000a\000n\000s\000k\000r\000i\000t\000-\000V\000e\000d\000i\000c\000\040\000\050\000M\000o\000r\000p\000h\000o\000l\000o\000g\000i\000c\000a\000l\000\040\000C\000o\000v\000e\000r\000a\000g\000e\000\051}{section.3.4}% 48
\BOOKMARK [1][-]{section.3.5}{\376\377\000D\000a\000t\000a\000s\000e\000t\000s\000\040\000C\000o\000n\000s\000i\000d\000e\000r\000e\000d\000\040\000b\000u\000t\000\040\000N\000o\000t\000\040\000S\000e\000l\000e\000c\000t\000e\000d}{chapter.3}% 49
\BOOKMARK [1][-]{section.3.6}{\376\377\000S\000u\000m\000m\000a\000r\000y}{chapter.3}% 50
\BOOKMARK [0][-]{chapter.4}{\376\377\000M\000e\000t\000h\000o\000d\000o\000l\000o\000g\000y}{}% 51
\BOOKMARK [1][-]{section.4.1}{\376\377\000R\000e\000s\000e\000a\000r\000c\000h\000\040\000D\000e\000s\000i\000g\000n\000\040\000a\000n\000d\000\040\000M\000e\000t\000h\000o\000d\000o\000l\000o\000g\000i\000c\000a\000l\000\040\000P\000h\000i\000l\000o\000s\000o\000p\000h\000y}{chapter.4}% 52
\BOOKMARK [2][-]{subsection.4.1.1}{\376\377\000T\000h\000e\000\040\000T\000h\000r\000e\000e\000\040\000D\000e\000s\000i\000d\000e\000r\000a\000t\000a}{section.4.1}% 53
\BOOKMARK [2][-]{subsection.4.1.2}{\376\377\000W\000h\000y\000\040\000F\000i\000f\000t\000e\000e\000n\000\040\000M\000o\000d\000e\000l\000s\000\040\000W\000e\000r\000e\000\040\000N\000e\000c\000e\000s\000s\000a\000r\000y}{section.4.1}% 54
\BOOKMARK [2][-]{subsection.4.1.3}{\376\377\000C\000o\000n\000n\000e\000c\000t\000i\000o\000n\000\040\000t\000o\000\040\000S\000a\000n\000s\000k\000r\000i\000t\000\040\000S\000c\000h\000o\000l\000a\000r\000s\000h\000i\000p}{section.4.1}% 55
\BOOKMARK [1][-]{section.4.2}{\376\377\000B\000a\000s\000e\000\040\000M\000o\000d\000e\000l\000s\000\040\000a\000n\000d\000\040\000A\000r\000c\000h\000i\000t\000e\000c\000t\000u\000r\000e\000s}{chapter.4}% 56
\BOOKMARK [2][-]{subsection.4.2.1}{\376\377\000B\000y\000T\0005\000-\000S\000a\000n\000s\000k\000r\000i\000t\000\040\000\050\0005\0009\0004\000M\000\051\000\040\040\024\000\040\000P\000r\000i\000m\000a\000r\000y\000\040\000M\000o\000d\000e\000l\000\040\000F\000a\000m\000i\000l\000y}{section.4.2}% 57
\BOOKMARK [2][-]{subsection.4.2.2}{\376\377\000G\000e\000m\000m\000a\0004\000\040\000E\0004\000B\000\040\000\050\0004\000.\0005\000B\000\051\000\040\040\024\000\040\000D\000e\000c\000o\000d\000e\000r\000-\000O\000n\000l\000y\000\040\000C\000o\000m\000p\000a\000r\000i\000s\000o\000n}{section.4.2}% 58
\BOOKMARK [2][-]{subsection.4.2.3}{\376\377\000Z\000e\000r\000o\000-\000S\000h\000o\000t\000\040\000L\000a\000r\000g\000e\000\040\000L\000a\000n\000g\000u\000a\000g\000e\000\040\000M\000o\000d\000e\000l\000s}{section.4.2}% 59
\BOOKMARK [2][-]{subsection.4.2.4}{\376\377\000G\000a\000z\000e\000t\000t\000e\000e\000r\000\040\000B\000a\000s\000e\000l\000i\000n\000e\000\040\000\050\000M\0001\000\051}{section.4.2}% 60
\BOOKMARK [1][-]{section.4.3}{\376\377\000D\000a\000t\000a\000\040\000P\000r\000e\000p\000a\000r\000a\000t\000i\000o\000n\000\040\000P\000i\000p\000e\000l\000i\000n\000e}{chapter.4}% 61
\BOOKMARK [2][-]{subsection.4.3.1}{\376\377\000M\000a\000h\001\001\000n\001\001\000m\000a\000\040\000G\000o\000l\000d\000-\000S\000t\000a\000n\000d\000a\000r\000d\000\040\000N\000E\000R\000\040\000P\000r\000e\000p\000a\000r\000a\000t\000i\000o\000n}{section.4.3}% 62
\BOOKMARK [2][-]{subsection.4.3.2}{\376\377\000D\000C\000S\000\040\000S\000e\000m\000b\000a\000n\000k\000\040\000S\000i\000l\000v\000e\000r\000\040\000N\000E\000R\000\040\000E\000x\000t\000r\000a\000c\000t\000i\000o\000n\000\040\040\024\000\040\000A\000\040\000N\000o\000v\000e\000l\000\040\000M\000e\000t\000h\000o\000d\000o\000l\000o\000g\000i\000c\000a\000l\000\040\000C\000o\000n\000t\000r\000i\000b\000u\000t\000i\000o\000n}{section.4.3}% 63
\BOOKMARK [2][-]{subsection.4.3.3}{\376\377\000L\000i\000n\000g\000u\000i\000s\000t\000i\000c\000\040\000R\000e\000g\000u\000l\000a\000r\000i\000s\000a\000t\000i\000o\000n\000\040\000D\000a\000t\000a\000\040\000\050\0001\0005\000\045\000\040\000S\000\040\000+\000\040\000L\000\040\000T\000a\000s\000k\000s\000\051}{section.4.3}% 64
\BOOKMARK [2][-]{subsection.4.3.4}{\376\377\000F\000i\000n\000a\000l\000\040\000T\000r\000a\000i\000n\000i\000n\000g\000\040\000D\000a\000t\000a\000\040\000C\000o\000m\000p\000o\000s\000i\000t\000i\000o\000n}{section.4.3}% 65
\BOOKMARK [1][-]{section.4.4}{\376\377\000T\000r\000a\000i\000n\000i\000n\000g\000\040\000S\000t\000r\000a\000t\000e\000g\000i\000e\000s}{chapter.4}% 66
\BOOKMARK [2][-]{subsection.4.4.1}{\376\377\000S\000t\000r\000a\000t\000e\000g\000y\000\040\000T\000a\000x\000o\000n\000o\000m\000y}{section.4.4}% 67
\BOOKMARK [2][-]{subsection.4.4.2}{\376\377\000E\000v\000o\000l\000u\000t\000i\000o\000n\000\040\000f\000r\000o\000m\000\040\000B\000e\000s\000t\000\040\000N\000E\000R\000\040\000t\000o\000\040\000F\000i\000n\000a\000l\000\040\000N\000E\000R}{section.4.4}% 68
\BOOKMARK [1][-]{section.4.5}{\376\377\000Q\000L\000o\000R\000A\000\040\000C\000o\000n\000f\000i\000g\000u\000r\000a\000t\000i\000o\000n\000\040\000a\000n\000d\000\040\000I\000m\000p\000l\000e\000m\000e\000n\000t\000a\000t\000i\000o\000n}{chapter.4}% 69
\BOOKMARK [2][-]{subsection.4.5.1}{\376\377\000Q\000u\000a\000n\000t\000i\000s\000a\000t\000i\000o\000n\000\040\000S\000e\000n\000s\000i\000t\000i\000v\000i\000t\000y\000\040\040\024\000\040\000C\000r\000i\000t\000i\000c\000a\000l\000\040\000L\000e\000s\000s\000o\000n}{section.4.5}% 70
\BOOKMARK [2][-]{subsection.4.5.2}{\376\377\000G\000e\000n\000e\000r\000a\000t\000i\000o\000n\000\040\000S\000e\000t\000t\000i\000n\000g\000s}{section.4.5}% 71
\BOOKMARK [1][-]{section.4.6}{\376\377\000E\000v\000a\000l\000u\000a\000t\000i\000o\000n\000\040\000F\000r\000a\000m\000e\000w\000o\000r\000k}{chapter.4}% 72
\BOOKMARK [2][-]{subsection.4.6.1}{\376\377\000D\0001\000:\000\040\000I\000n\000-\000D\000o\000m\000a\000i\000n\000\040\000N\000E\000R\000\040\000\050\000M\000a\000h\001\001\000n\001\001\000m\000a\000\040\000T\000e\000s\000t\000\040\000S\000p\000l\000i\000t\000\051}{section.4.6}% 73
\BOOKMARK [2][-]{subsection.4.6.2}{\376\377\000D\0002\000:\000\040\000L\000i\000n\000g\000u\000i\000s\000t\000i\000c\000\040\000C\000a\000p\000a\000b\000i\000l\000i\000t\000y\000\040\000P\000r\000e\000s\000e\000r\000v\000a\000t\000i\000o\000n\000\040\000\050\000D\000C\000S\000\040\000H\000e\000l\000d\000-\000O\000u\000t\000\051}{section.4.6}% 74
\BOOKMARK [2][-]{subsection.4.6.3}{\376\377\000D\0003\000:\000\040\000C\000r\000o\000s\000s\000-\000D\000o\000m\000a\000i\000n\000\040\000G\000e\000n\000e\000r\000a\000l\000i\000s\000a\000t\000i\000o\000n\000\040\000\050\000P\000a\000\361\000c\000a\000t\000a\000n\000t\000r\000a\000\051}{section.4.6}% 75
\BOOKMARK [1][-]{section.4.7}{\376\377\000S\000t\000a\000t\000i\000s\000t\000i\000c\000a\000l\000\040\000A\000n\000a\000l\000y\000s\000i\000s\000\040\000M\000e\000t\000h\000o\000d\000s}{chapter.4}% 76
\BOOKMARK [2][-]{subsection.4.7.1}{\376\377\000B\000o\000o\000t\000s\000t\000r\000a\000p\000\040\0009\0005\000\045\000\040\000C\000o\000n\000f\000i\000d\000e\000n\000c\000e\000\040\000I\000n\000t\000e\000r\000v\000a\000l\000s}{section.4.7}% 77
\BOOKMARK [2][-]{subsection.4.7.2}{\376\377\000M\000c\000N\000e\000m\000a\000r\040\031\000s\000\040\000T\000e\000s\000t}{section.4.7}% 78
\BOOKMARK [2][-]{subsection.4.7.3}{\376\377\000C\000r\000o\000s\000s\000-\000M\000o\000d\000e\000l\000\040\000A\000g\000r\000e\000e\000m\000e\000n\000t\000\040\000A\000n\000a\000l\000y\000s\000i\000s}{section.4.7}% 79
\BOOKMARK [1][-]{section.4.8}{\376\377\000R\000e\000p\000r\000o\000d\000u\000c\000i\000b\000i\000l\000i\000t\000y\000\040\000a\000n\000d\000\040\000L\000i\000m\000i\000t\000a\000t\000i\000o\000n\000s}{chapter.4}% 80
\BOOKMARK [2][-]{subsection.4.8.1}{\376\377\000R\000e\000p\000r\000o\000d\000u\000c\000i\000b\000i\000l\000i\000t\000y\000\040\000C\000h\000e\000c\000k\000l\000i\000s\000t}{section.4.8}% 81
\BOOKMARK [2][-]{subsection.4.8.2}{\376\377\000G\000u\000i\000d\000e\040\031\000s\000\040\000M\000a\000c\000h\000i\000n\000e\000\040\000N\000o\000t\000e\000s}{section.4.8}% 82
\BOOKMARK [2][-]{subsection.4.8.3}{\376\377\000C\000r\000i\000t\000i\000c\000a\000l\000\040\000L\000i\000m\000i\000t\000a\000t\000i\000o\000n\000s\000\040\000a\000n\000d\000\040\000M\000e\000t\000h\000o\000d\000o\000l\000o\000g\000i\000c\000a\000l\000\040\000R\000i\000s\000k\000s}{section.4.8}% 83
\BOOKMARK [1][-]{section.4.9}{\376\377\000S\000u\000m\000m\000a\000r\000y}{chapter.4}% 84
\BOOKMARK [0][-]{chapter.5}{\376\377\000E\000x\000p\000e\000r\000i\000m\000e\000n\000t\000s\000\040\000a\000n\000d\000\040\000R\000e\000s\000u\000l\000t\000s}{}% 85
\BOOKMARK [1][-]{section.5.1}{\376\377\000E\000x\000e\000c\000u\000t\000i\000v\000e\000\040\000S\000u\000m\000m\000a\000r\000y\000\040\000a\000n\000d\000\040\000K\000e\000y\000\040\000F\000i\000n\000d\000i\000n\000g\000s}{chapter.5}% 86
\BOOKMARK [2][-]{subsection.5.1.1}{\376\377\000M\000a\000i\000n\000\040\000R\000e\000s\000u\000l\000t\000s\000\040\000a\000t\000\040\000a\000\040\000G\000l\000a\000n\000c\000e}{section.5.1}% 87
\BOOKMARK [1][-]{section.5.2}{\376\377\000I\000n\000-\000D\000o\000m\000a\000i\000n\000\040\000N\000E\000R\000\040\000P\000e\000r\000f\000o\000r\000m\000a\000n\000c\000e\000\040\000\050\000D\0001\000\051}{chapter.5}% 88
\BOOKMARK [2][-]{subsection.5.2.1}{\376\377\000O\000v\000e\000r\000a\000l\000l\000\040\000P\000e\000r\000f\000o\000r\000m\000a\000n\000c\000e\000\040\000C\000o\000m\000p\000a\000r\000i\000s\000o\000n}{section.5.2}% 89
\BOOKMARK [2][-]{subsection.5.2.2}{\376\377\000P\000e\000r\000-\000T\000y\000p\000e\000\040\000P\000e\000r\000f\000o\000r\000m\000a\000n\000c\000e\000\040\000A\000n\000a\000l\000y\000s\000i\000s}{section.5.2}% 90
\BOOKMARK [1][-]{section.5.3}{\376\377\000L\000i\000n\000g\000u\000i\000s\000t\000i\000c\000\040\000C\000a\000p\000a\000b\000i\000l\000i\000t\000y\000\040\000P\000r\000e\000s\000e\000r\000v\000a\000t\000i\000o\000n\000\040\000\050\000D\0002\000\051}{chapter.5}% 91
\BOOKMARK [1][-]{section.5.4}{\376\377\000C\000r\000o\000s\000s\000-\000D\000o\000m\000a\000i\000n\000\040\000G\000e\000n\000e\000r\000a\000l\000i\000s\000a\000t\000i\000o\000n\000\040\000\050\000D\0003\000\051}{chapter.5}% 92
\BOOKMARK [1][-]{section.5.5}{\376\377\000A\000b\000l\000a\000t\000i\000o\000n\000\040\000S\000t\000u\000d\000i\000e\000s\000\040\000a\000n\000d\000\040\000S\000t\000r\000a\000t\000e\000g\000y\000\040\000A\000n\000a\000l\000y\000s\000i\000s}{chapter.5}% 93
\BOOKMARK [1][-]{section.5.6}{\376\377\000E\000r\000r\000o\000r\000\040\000A\000n\000a\000l\000y\000s\000i\000s\000\040\000a\000n\000d\000\040\000Q\000u\000a\000l\000i\000t\000a\000t\000i\000v\000e\000\040\000I\000n\000s\000i\000g\000h\000t\000s}{chapter.5}% 94
\BOOKMARK [2][-]{subsection.5.6.1}{\376\377\000P\000e\000r\000f\000o\000r\000m\000a\000n\000c\000e\000\040\000b\000y\000\040\000T\000e\000x\000t\000\040\000G\000e\000n\000r\000e}{section.5.6}% 95
\BOOKMARK [2][-]{subsection.5.6.2}{\376\377\000M\000a\000j\000o\000r\000\040\000C\000h\000a\000r\000a\000c\000t\000e\000r\000\040\000P\000e\000r\000f\000o\000r\000m\000a\000n\000c\000e}{section.5.6}% 96
\BOOKMARK [1][-]{section.5.7}{\376\377\000S\000t\000a\000t\000i\000s\000t\000i\000c\000a\000l\000\040\000A\000n\000a\000l\000y\000s\000i\000s\000\040\000a\000n\000d\000\040\000R\000o\000b\000u\000s\000t\000n\000e\000s\000s}{chapter.5}% 97
\BOOKMARK [1][-]{section.5.8}{\376\377\000S\000u\000m\000m\000a\000r\000y\000\040\000a\000n\000d\000\040\000K\000e\000y\000\040\000T\000a\000k\000e\000a\000w\000a\000y\000s}{chapter.5}% 98
\BOOKMARK [0][-]{chapter.6}{\376\377\000D\000i\000s\000c\000u\000s\000s\000i\000o\000n\000\040\000a\000n\000d\000\040\000A\000n\000a\000l\000y\000s\000i\000s}{}% 99
\BOOKMARK [1][-]{section.6.1}{\376\377\000I\000n\000t\000r\000o\000d\000u\000c\000t\000i\000o\000n}{chapter.6}% 100
\BOOKMARK [1][-]{section.6.2}{\376\377\000T\000r\000a\000d\000e\000-\000o\000f\000f\000\040\000A\000n\000a\000l\000y\000s\000i\000s\000:\000\040\000B\000e\000s\000t\000\040\000N\000E\000R\000\040\000v\000s\000\040\000F\000i\000n\000a\000l\000\040\000N\000E\000R}{chapter.6}% 101
\BOOKMARK [2][-]{subsection.6.2.1}{\376\377\000T\000h\000e\000\040\000P\000e\000r\000f\000o\000r\000m\000a\000n\000c\000e\000\040\000T\000r\000a\000d\000e\000-\000o\000f\000f}{section.6.2}% 102
\BOOKMARK [2][-]{subsection.6.2.2}{\376\377\000W\000h\000y\000\040\000t\000h\000e\000\040\000T\000r\000a\000d\000e\000-\000o\000f\000f\000\040\000O\000c\000c\000u\000r\000s}{section.6.2}% 103
\BOOKMARK [2][-]{subsection.6.2.3}{\376\377\000Q\000u\000a\000n\000t\000i\000t\000a\000t\000i\000v\000e\000\040\000E\000v\000i\000d\000e\000n\000c\000e}{section.6.2}% 104
\BOOKMARK [1][-]{section.6.3}{\376\377\000W\000h\000y\000\040\000L\000i\000n\000g\000u\000i\000s\000t\000i\000c\000\040\000R\000e\000g\000u\000l\000a\000r\000i\000s\000a\000t\000i\000o\000n\000\040\000W\000o\000r\000k\000s}{chapter.6}% 105
\BOOKMARK [2][-]{subsection.6.3.1}{\376\377\000T\000h\000e\000\040\000M\000e\000c\000h\000a\000n\000i\000s\000m\000\040\000o\000f\000\040\000R\000e\000g\000u\000l\000a\000r\000i\000s\000a\000t\000i\000o\000n}{section.6.3}% 106
\BOOKMARK [2][-]{subsection.6.3.2}{\376\377\000C\000o\000m\000p\000a\000r\000i\000s\000o\000n\000\040\000w\000i\000t\000h\000\040\000O\000t\000h\000e\000r\000\040\000M\000u\000l\000t\000i\000-\000T\000a\000s\000k\000\040\000A\000p\000p\000r\000o\000a\000c\000h\000e\000s}{section.6.3}% 107
\BOOKMARK [2][-]{subsection.6.3.3}{\376\377\000W\000h\000y\000\040\0001\0005\000\045\000\040\000R\000a\000t\000i\000o\000\040\000i\000s\000\040\000O\000p\000t\000i\000m\000a\000l}{section.6.3}% 108
\BOOKMARK [1][-]{section.6.4}{\376\377\000E\000r\000r\000o\000r\000\040\000A\000n\000a\000l\000y\000s\000i\000s\000\040\000a\000n\000d\000\040\000Q\000u\000a\000l\000i\000t\000a\000t\000i\000v\000e\000\040\000I\000n\000s\000i\000g\000h\000t\000s}{chapter.6}% 109
\BOOKMARK [2][-]{subsection.6.4.1}{\376\377\000C\000o\000m\000m\000o\000n\000\040\000E\000r\000r\000o\000r\000\040\000P\000a\000t\000t\000e\000r\000n\000s}{section.6.4}% 110
\BOOKMARK [2][-]{subsection.6.4.2}{\376\377\000Q\000u\000a\000l\000i\000t\000a\000t\000i\000v\000e\000\040\000E\000x\000a\000m\000p\000l\000e\000s}{section.6.4}% 111
\BOOKMARK [2][-]{subsection.6.4.3}{\376\377\000C\000a\000s\000e\000\040\000S\000t\000u\000d\000i\000e\000s\000\040\000o\000f\000\040\000S\000u\000c\000c\000e\000s\000s\000f\000u\000l\000\040\000C\000r\000o\000s\000s\000-\000D\000o\000m\000a\000i\000n\000\040\000T\000r\000a\000n\000s\000f\000e\000r}{section.6.4}% 112
\BOOKMARK [1][-]{section.6.5}{\376\377\000L\000i\000m\000i\000t\000a\000t\000i\000o\000n\000s\000\040\000o\000f\000\040\000t\000h\000e\000\040\000C\000u\000r\000r\000e\000n\000t\000\040\000A\000p\000p\000r\000o\000a\000c\000h}{chapter.6}% 113
\BOOKMARK [2][-]{subsection.6.5.1}{\376\377\000L\000i\000m\000i\000t\000a\000t\000i\000o\000n\000\040\0001\000:\000\040\000R\001\001\000m\000a\000/\000S\001\053\000t\001\001\000\040\000R\000e\000c\000a\000l\000l\000\040\000G\000a\000p}{section.6.5}% 114
\BOOKMARK [2][-]{subsection.6.5.2}{\376\377\000L\000i\000m\000i\000t\000a\000t\000i\000o\000n\000\040\0002\000:\000\040\000P\000e\000r\000s\000i\000s\000t\000e\000n\000t\000\040\000C\000l\000a\000s\000s\000\040\000I\000m\000b\000a\000l\000a\000n\000c\000e}{section.6.5}% 115
\BOOKMARK [2][-]{subsection.6.5.3}{\376\377\000L\000i\000m\000i\000t\000a\000t\000i\000o\000n\000\040\0003\000:\000\040\000G\000e\000n\000r\000e\000\040\000S\000k\000e\000w\000\040\000i\000n\000\040\000S\000i\000l\000v\000e\000r\000\040\000D\000a\000t\000a}{section.6.5}% 116
\BOOKMARK [2][-]{subsection.6.5.4}{\376\377\000L\000i\000m\000i\000t\000a\000t\000i\000o\000n\000\040\0004\000:\000\040\000E\000v\000a\000l\000u\000a\000t\000i\000o\000n\000\040\000M\000e\000t\000r\000i\000c\000\040\000L\000i\000m\000i\000t\000a\000t\000i\000o\000n\000s}{section.6.5}% 117
\BOOKMARK [1][-]{section.6.6}{\376\377\000I\000m\000p\000l\000i\000c\000a\000t\000i\000o\000n\000s\000\040\000f\000o\000r\000\040\000S\000a\000n\000s\000k\000r\000i\000t\000\040\000S\000c\000h\000o\000l\000a\000r\000s\000h\000i\000p}{chapter.6}% 118
\BOOKMARK [2][-]{subsection.6.6.1}{\376\377\000A\000d\000v\000a\000n\000c\000i\000n\000g\000\040\000A\000c\000c\000e\000s\000s\000\040\000t\000o\000\040\000C\000l\000a\000s\000s\000i\000c\000a\000l\000\040\000T\000e\000x\000t\000s}{section.6.6}% 119
\BOOKMARK [2][-]{subsection.6.6.2}{\376\377\000P\000r\000a\000c\000t\000i\000c\000a\000l\000\040\000U\000t\000i\000l\000i\000t\000y\000\040\000f\000o\000r\000\040\000S\000t\000u\000d\000e\000n\000t\000s\000\040\000a\000n\000d\000\040\000R\000e\000s\000e\000a\000r\000c\000h\000e\000r\000s}{section.6.6}% 120
\BOOKMARK [2][-]{subsection.6.6.3}{\376\377\000C\000o\000n\000n\000e\000c\000t\000i\000o\000n\000\040\000t\000o\000\040\000B\000r\000o\000a\000d\000e\000r\000\040\000S\000a\000n\000s\000k\000r\000i\000t\000\040\000N\000L\000P\000\040\000G\000o\000a\000l\000s}{section.6.6}% 121
\BOOKMARK [1][-]{section.6.7}{\376\377\000S\000u\000m\000m\000a\000r\000y}{chapter.6}% 122
\BOOKMARK [0][-]{chapter.7}{\376\377\000C\000o\000n\000c\000l\000u\000s\000i\000o\000n\000\040\000a\000n\000d\000\040\000F\000u\000t\000u\000r\000e\000\040\000W\000o\000r\000k}{}% 123
\BOOKMARK [1][-]{section.7.1}{\376\377\000S\000u\000m\000m\000a\000r\000y\000\040\000o\000f\000\040\000C\000o\000n\000t\000r\000i\000b\000u\000t\000i\000o\000n\000s}{chapter.7}% 124
\BOOKMARK [2][-]{subsection.7.1.1}{\376\377\000P\000r\000i\000m\000a\000r\000y\000\040\000C\000o\000n\000t\000r\000i\000b\000u\000t\000i\000o\000n\000s}{section.7.1}% 125
\BOOKMARK [2][-]{subsection.7.1.2}{\376\377\000M\000e\000t\000h\000o\000d\000o\000l\000o\000g\000i\000c\000a\000l\000\040\000C\000o\000n\000t\000r\000i\000b\000u\000t\000i\000o\000n\000s}{section.7.1}% 126
\BOOKMARK [1][-]{section.7.2}{\376\377\000K\000e\000y\000\040\000F\000i\000n\000d\000i\000n\000g\000s}{chapter.7}% 127
\BOOKMARK [2][-]{subsection.7.2.1}{\376\377\000F\000i\000n\000d\000i\000n\000g\000\040\0001\000:\000\040\000L\000i\000n\000g\000u\000i\000s\000t\000i\000c\000\040\000R\000e\000g\000u\000l\000a\000r\000i\000s\000a\000t\000i\000o\000n\000\040\000i\000s\000\040\000H\000i\000g\000h\000l\000y\000\040\000E\000f\000f\000e\000c\000t\000i\000v\000e}{section.7.2}% 128
\BOOKMARK [2][-]{subsection.7.2.2}{\376\377\000F\000i\000n\000d\000i\000n\000g\000\040\0002\000:\000\040\000F\000i\000n\000e\000-\000T\000u\000n\000e\000d\000\040\000M\000o\000d\000e\000l\000s\000\040\000O\000u\000t\000p\000e\000r\000f\000o\000r\000m\000\040\000Z\000e\000r\000o\000-\000S\000h\000o\000t\000\040\000L\000L\000M\000s}{section.7.2}% 129
\BOOKMARK [2][-]{subsection.7.2.3}{\376\377\000F\000i\000n\000d\000i\000n\000g\000\040\0003\000:\000\040\000S\000i\000l\000v\000e\000r\000\040\000D\000a\000t\000a\000\040\000Q\000u\000a\000l\000i\000t\000y\000\040\000M\000a\000t\000t\000e\000r\000s\000\040\000M\000o\000r\000e\000\040\000T\000h\000a\000n\000\040\000Q\000u\000a\000n\000t\000i\000t\000y}{section.7.2}% 130
\BOOKMARK [2][-]{subsection.7.2.4}{\376\377\000F\000i\000n\000d\000i\000n\000g\000\040\0004\000:\000\040\000T\000r\000a\000d\000e\000-\000o\000f\000f\000s\000\040\000A\000r\000e\000\040\000I\000n\000h\000e\000r\000e\000n\000t\000\040\000B\000u\000t\000\040\000M\000a\000n\000a\000g\000e\000a\000b\000l\000e}{section.7.2}% 131
\BOOKMARK [1][-]{section.7.3}{\376\377\000S\000u\000m\000m\000a\000r\000y\000\040\000o\000f\000\040\000K\000e\000y\000\040\000R\000e\000s\000u\000l\000t\000s}{chapter.7}% 132
\BOOKMARK [1][-]{section.7.4}{\376\377\000R\000e\000p\000r\000o\000d\000u\000c\000i\000b\000i\000l\000i\000t\000y\000\040\000a\000n\000d\000\040\000B\000r\000o\000a\000d\000e\000r\000\040\000I\000m\000p\000a\000c\000t}{chapter.7}% 133
\BOOKMARK [1][-]{section.7.5}{\376\377\000L\000i\000m\000i\000t\000a\000t\000i\000o\000n\000s}{chapter.7}% 134
\BOOKMARK [1][-]{section.7.6}{\376\377\000F\000u\000t\000u\000r\000e\000\040\000W\000o\000r\000k}{chapter.7}% 135
\BOOKMARK [2][-]{subsection.7.6.1}{\376\377\000S\000h\000o\000r\000t\000-\000t\000e\000r\000m\000\040\000I\000m\000p\000r\000o\000v\000e\000m\000e\000n\000t\000s\000\040\000\050\0001\040\023\0002\000\040\000y\000e\000a\000r\000s\000\051}{section.7.6}% 136
\BOOKMARK [2][-]{subsection.7.6.2}{\376\377\000L\000o\000n\000g\000-\000t\000e\000r\000m\000\040\000R\000e\000s\000e\000a\000r\000c\000h\000\040\000D\000i\000r\000e\000c\000t\000i\000o\000n\000s\000\040\000\050\0003\040\023\0005\000\040\000y\000e\000a\000r\000s\000\051}{section.7.6}% 137
\BOOKMARK [2][-]{subsection.7.6.3}{\376\377\000D\000a\000t\000a\000s\000e\000t\000\040\000a\000n\000d\000\040\000A\000n\000n\000o\000t\000a\000t\000i\000o\000n\000\040\000E\000f\000f\000o\000r\000t\000s}{section.7.6}% 138
\BOOKMARK [2][-]{subsection.7.6.4}{\376\377\000M\000o\000d\000e\000l\000\040\000A\000r\000c\000h\000i\000t\000e\000c\000t\000u\000r\000e\000\040\000I\000m\000p\000r\000o\000v\000e\000m\000e\000n\000t\000s}{section.7.6}% 139
\BOOKMARK [1][-]{section.7.7}{\376\377\000F\000i\000n\000a\000l\000\040\000R\000e\000m\000a\000r\000k\000s}{chapter.7}% 140
